// Jest Snapshot v1, https://goo.gl/fbAQLP

exports[`ArticleList test renders correctly 1`] = `
<div>
  <ul
    class="articleList"
  >
    <li
      class="articleBlock"
    >
      <div
        class="listItem"
      >
        <div>
          <img
            class="imageStyle"
            src="https://cdn.cnn.com/cnnnext/dam/assets/181122102925-statue-of-liberty-crown-super-169.jpg"
          />
          <h1
            class="articleTitle"
          >
            <u>
              The Statue of Liberty's torch heads to new museum
            </u>
          </h1>
        </div>
        
        <button
          class="itemButton"
        >
          Show more
        </button>
      </div>
    </li>
    <li
      class="articleBlock"
    >
      <div
        class="listItem"
      >
        <div>
          <img
            class="imageStyle"
            src="https://cdn.cnn.com/cnnnext/dam/assets/170321135754-airport-security-line-file-super-169.jpg"
          />
          <h1
            class="articleTitle"
          >
            <u>
              You can take a pie on a plane
            </u>
          </h1>
        </div>
        
        <button
          class="itemButton"
        >
          Show more
        </button>
      </div>
    </li>
  </ul>
</div>
`;
